// Jest Snapshot v1, https://goo.gl/fbAQLP

exports[`Card should match the snapshot 1`] = `
ShallowWrapper {
  "length": 1,
  Symbol(enzyme.__root__): [Circular],
  Symbol(enzyme.__unrendered__): <Card
    content={
        Object {
            "2004": 0.302,
            "2005": 0.267,
          }
    }
    title="ACADEMY 20"
    updateClickedCard={[Function]}
/>,
  Symbol(enzyme.__renderer__): Object {
    "batchedUpdates": [Function],
    "getNode": [Function],
    "render": [Function],
    "simulateEvent": [Function],
    "unmount": [Function],
  },
  Symbol(enzyme.__node__): Object {
    "instance": null,
    "key": undefined,
    "nodeType": "host",
    "props": Object {
      "children": Array [
        <h3>
          ACADEMY 20
</h3>,
        <ul>
          <aside
                    className="low"
          >
                     
                    2004
                    : 
                    0.302
                     
          </aside>
          <aside
                    className="low"
          >
                     
                    2005
                    : 
                    0.267
                     
          </aside>
</ul>,
      ],
      "className": "Card",
      "onClick": [Function],
    },
    "ref": null,
    "rendered": Array [
      Object {
        "instance": null,
        "key": undefined,
        "nodeType": "host",
        "props": Object {
          "children": "ACADEMY 20",
        },
        "ref": null,
        "rendered": "ACADEMY 20",
        "type": "h3",
      },
      Object {
        "instance": null,
        "key": undefined,
        "nodeType": "host",
        "props": Object {
          "children": Array [
            <aside
              className="low"
>
               
              2004
              : 
              0.302
               
</aside>,
            <aside
              className="low"
>
               
              2005
              : 
              0.267
               
</aside>,
          ],
        },
        "ref": null,
        "rendered": Array [
          Object {
            "instance": null,
            "key": "0",
            "nodeType": "host",
            "props": Object {
              "children": Array [
                " ",
                "2004",
                ": ",
                0.302,
                " ",
              ],
              "className": "low",
            },
            "ref": null,
            "rendered": Array [
              " ",
              "2004",
              ": ",
              0.302,
              " ",
            ],
            "type": "aside",
          },
          Object {
            "instance": null,
            "key": "1",
            "nodeType": "host",
            "props": Object {
              "children": Array [
                " ",
                "2005",
                ": ",
                0.267,
                " ",
              ],
              "className": "low",
            },
            "ref": null,
            "rendered": Array [
              " ",
              "2005",
              ": ",
              0.267,
              " ",
            ],
            "type": "aside",
          },
        ],
        "type": "ul",
      },
    ],
    "type": "div",
  },
  Symbol(enzyme.__nodes__): Array [
    Object {
      "instance": null,
      "key": undefined,
      "nodeType": "host",
      "props": Object {
        "children": Array [
          <h3>
            ACADEMY 20
</h3>,
          <ul>
            <aside
                        className="low"
            >
                         
                        2004
                        : 
                        0.302
                         
            </aside>
            <aside
                        className="low"
            >
                         
                        2005
                        : 
                        0.267
                         
            </aside>
</ul>,
        ],
        "className": "Card",
        "onClick": [Function],
      },
      "ref": null,
      "rendered": Array [
        Object {
          "instance": null,
          "key": undefined,
          "nodeType": "host",
          "props": Object {
            "children": "ACADEMY 20",
          },
          "ref": null,
          "rendered": "ACADEMY 20",
          "type": "h3",
        },
        Object {
          "instance": null,
          "key": undefined,
          "nodeType": "host",
          "props": Object {
            "children": Array [
              <aside
                className="low"
>
                 
                2004
                : 
                0.302
                 
</aside>,
              <aside
                className="low"
>
                 
                2005
                : 
                0.267
                 
</aside>,
            ],
          },
          "ref": null,
          "rendered": Array [
            Object {
              "instance": null,
              "key": "0",
              "nodeType": "host",
              "props": Object {
                "children": Array [
                  " ",
                  "2004",
                  ": ",
                  0.302,
                  " ",
                ],
                "className": "low",
              },
              "ref": null,
              "rendered": Array [
                " ",
                "2004",
                ": ",
                0.302,
                " ",
              ],
              "type": "aside",
            },
            Object {
              "instance": null,
              "key": "1",
              "nodeType": "host",
              "props": Object {
                "children": Array [
                  " ",
                  "2005",
                  ": ",
                  0.267,
                  " ",
                ],
                "className": "low",
              },
              "ref": null,
              "rendered": Array [
                " ",
                "2005",
                ": ",
                0.267,
                " ",
              ],
              "type": "aside",
            },
          ],
          "type": "ul",
        },
      ],
      "type": "div",
    },
  ],
  Symbol(enzyme.__options__): Object {
    "adapter": ReactSixteenAdapter {
      "options": Object {
        "enableComponentDidUpdateOnSetState": true,
      },
    },
  },
}
`;
